// Jest Snapshot v1, https://goo.gl/fbAQLP

exports[`Reservations snapshot test should render the page 1`] = `
<section
  className="w-screen relative flex flex-col justify-center min-h-screen bg-opacity-80 md:w-full md:pb-1 mb:overflow-scroll"
>
  <div
    className="mx-auto w-full flex flex-col p-10"
  >
    <h1
      className="mx-auto font-bold text-2xl text-black pb-5"
    >
      Your Reservations
    </h1>
    <hr
      className="w-1/4 mx-auto"
    />
  </div>
  <div
    className="w-full flex flex-wrap gap-5 justify-center md:h-[500px] md:w-full"
  />
</section>
`;
