// Jest Snapshot v1, https://goo.gl/fbAQLP

exports[`Testing Components Render Header 1`] = `
<div
  className="min-h-screen bg-green bg-opacity-80 bg-no-repeat bg-cover flex flex-col justify-center items-center"
>
  <div
    className="w-full h-full absolute top-1/2 left-1/2 transform -translate-x-1/2 -translate-y-1/2 -z-10 bg-no-repeat bg-cover"
    style={
      Object {
        "backgroundImage": "url(https://www.fanabc.com/english/wp-content/uploads/2021/08/Tourism-Danakil-Depression.jpg)",
      }
    }
  />
  <img
    alt="logo"
    className="transform scale-75 mt-4 md:mt-0 mb-8"
    src="Tour-Hunter.png"
  />
  <div
    className="md:w-full max-w-sm"
  >
    <form
      className="bg-white shadow-lg rounded-md px-8 pt-6 pb-8 mb-4 flex flex-col gap-2"
      onSubmit={[Function]}
    >
      <h1
        className="mb-4 text-2xl font-semibold text-center"
      >
        Sign In
      </h1>
      <input
        className="form-input"
        name="email"
        onChange={[Function]}
        placeholder="Email"
        type="email"
        value=""
      />
      <input
        className="form-input"
        name="password"
        onChange={[Function]}
        placeholder="Password"
        type="password"
        value=""
      />
      <button
        className="bg-green text-white mt-4 py-3 px-10 rounded-full font-semibold my-auto text-center"
        type="submit"
      >
        Sign In
      </button>
    </form>
    <p
      className="text-center mt-6 flex gap-1 items-middle justify-center"
    >
      Don't have an account yet?
      <a
        className="text-center font-bold hover:text-green"
        href="/signup"
        onClick={[Function]}
      >
        Sign Up
      </a>
    </p>
  </div>
</div>
`;
